<?xml version="1.0" encoding="utf-8"?><testsuites name="pytest tests"><testsuite name="pytest" errors="0" failures="0" skipped="0" tests="85" time="0.379" timestamp="2025-07-06T03:39:24.361452-03:00" hostname="Joaos-MacBook-Air.local"><testcase classname="tests.models.test_bioma.TestBioma" name="test_bioma_creation" time="0.000" /><testcase classname="tests.models.test_bioma.TestBioma" name="test_bioma_string_representation" time="0.000" /><testcase classname="tests.models.test_bioma.TestBioma" name="test_bioma_equality" time="0.000" /><testcase classname="tests.models.test_bioma.TestBioma" name="test_bioma_hash" time="0.000" /><testcase classname="tests.models.test_bioma.TestBioma" name="test_bioma_in_set" time="0.000" /><testcase classname="tests.models.test_bioma.TestBioma" name="test_bioma_in_dict" time="0.000" /><testcase classname="tests.models.test_bioma.TestBioma" name="test_multiple_biomas" time="0.000" /><testcase classname="tests.models.test_chunk.TestChunk" name="test_chunk_creation" time="0.000" /><testcase classname="tests.models.test_chunk.TestChunk" name="test_chunk_string_representation" time="0.000" /><testcase classname="tests.models.test_chunk.TestChunk" name="test_chunk_equality" time="0.000" /><testcase classname="tests.models.test_chunk.TestChunk" name="test_chunk_hash" time="0.000" /><testcase classname="tests.models.test_chunk.TestChunk" name="test_get_display_name" time="0.000" /><testcase classname="tests.models.test_chunk.TestChunk" name="test_bioma_type_checks" time="0.000" /><testcase classname="tests.models.test_chunk.TestChunk" name="test_turno_checks" time="0.000" /><testcase classname="tests.models.test_chunk.TestChunk" name="test_get_adjacent_chunk_ids" time="0.000" /><testcase classname="tests.models.test_chunk.TestChunk" name="test_get_adjacent_chunk_ids_edge_cases" time="0.000" /><testcase classname="tests.models.test_chunk.TestChunk" name="test_belongs_to_map" time="0.000" /><testcase classname="tests.models.test_chunk.TestChunk" name="test_get_bioma_type" time="0.000" /><testcase classname="tests.models.test_chunk.TestChunk" name="test_get_map_key" time="0.000" /><testcase classname="tests.models.test_chunk.TestChunk" name="test_multiple_chunks" time="0.000" /><testcase classname="tests.models.test_inventory" name="test_inventory_entry_creation" time="0.000" /><testcase classname="tests.models.test_inventory" name="test_inventory_entry_equality" time="0.000" /><testcase classname="tests.models.test_inventory" name="test_inventory_entry_repr" time="0.000" /><testcase classname="tests.models.test_item.TestItem" name="test_item_creation_with_optional" time="0.000" /><testcase classname="tests.models.test_item.TestItem" name="test_item_creation_without_optional" time="0.000" /><testcase classname="tests.models.test_item.TestItem" name="test_item_equality_and_hash" time="0.000" /><testcase classname="tests.models.test_item.TestItem" name="test_item_repr" time="0.000" /><testcase classname="tests.models.test_mapa.TestMapa" name="test_mapa_creation" time="0.000" /><testcase classname="tests.models.test_mapa.TestMapa" name="test_mapa_creation_with_string" time="0.000" /><testcase classname="tests.models.test_mapa.TestMapa" name="test_mapa_string_representation" time="0.001" /><testcase classname="tests.models.test_mapa.TestMapa" name="test_mapa_equality" time="0.000" /><testcase classname="tests.models.test_mapa.TestMapa" name="test_mapa_hash" time="0.000" /><testcase classname="tests.models.test_mapa.TestMapa" name="test_turno_checks" time="0.000" /><testcase classname="tests.models.test_mapa.TestMapa" name="test_get_display_info_empty" time="0.001" /><testcase classname="tests.models.test_mapa.TestMapa" name="test_get_display_info_with_chunks" time="0.000" /><testcase classname="tests.models.test_mapa.TestMapa" name="test_get_chunks_by_bioma" time="0.000" /><testcase classname="tests.models.test_mapa.TestMapa" name="test_get_bioma_distribution" time="0.000" /><testcase classname="tests.models.test_mapa.TestMapa" name="test_get_bioma_distribution_empty" time="0.000" /><testcase classname="tests.models.test_mapa.TestMapa" name="test_get_chunk_by_id" time="0.001" /><testcase classname="tests.models.test_mapa.TestMapa" name="test_get_chunk_by_id_empty" time="0.000" /><testcase classname="tests.models.test_mapa.TestMapa" name="test_multiple_mapas" time="0.000" /><testcase classname="tests.models.test_mapa.TestMapa" name="test_repository_not_configured_error" time="0.001" /><testcase classname="tests.repositories.test_bioma_repository" name="test_find_all_biomas" time="0.007" /><testcase classname="tests.repositories.test_bioma_repository" name="test_find_by_id_bioma" time="0.002" /><testcase classname="tests.repositories.test_bioma_repository" name="test_save_bioma" time="0.002" /><testcase classname="tests.repositories.test_bioma_repository" name="test_delete_bioma" time="0.003" /><testcase classname="tests.repositories.test_chunk_repository" name="test_find_all_chunks" time="0.002" /><testcase classname="tests.repositories.test_chunk_repository" name="test_find_chunk_by_id" time="0.002" /><testcase classname="tests.repositories.test_chunk_repository" name="test_save_chunk" time="0.002" /><testcase classname="tests.repositories.test_chunk_repository" name="test_delete_chunk" time="0.002" /><testcase classname="tests.repositories.test_chunk_repository" name="test_find_by_mapa" time="0.002" /><testcase classname="tests.repositories.test_chunk_repository" name="test_find_by_bioma" time="0.002" /><testcase classname="tests.repositories.test_item_repository" name="test_find_all_items" time="0.002" /><testcase classname="tests.repositories.test_item_repository" name="test_find_item_by_id" time="0.002" /><testcase classname="tests.repositories.test_item_repository" name="test_save_item" time="0.002" /><testcase classname="tests.repositories.test_item_repository" name="test_delete_item" time="0.002" /><testcase classname="tests.repositories.test_mapa_repository" name="test_find_all_mapas" time="0.002" /><testcase classname="tests.repositories.test_mapa_repository" name="test_find_by_id_mapa" time="0.002" /><testcase classname="tests.repositories.test_mapa_repository" name="test_save_mapa" time="0.002" /><testcase classname="tests.repositories.test_mapa_repository" name="test_delete_mapa" time="0.002" /><testcase classname="tests.repositories.test_mapa_repository" name="test_find_by_turno" time="0.002" /><testcase classname="tests.repositories.test_repository_pattern.TestRepositoryPattern" name="test_chunk_repository_find_by_mapa" time="0.001" /><testcase classname="tests.repositories.test_repository_pattern.TestRepositoryPattern" name="test_mapa_repository_find_by_turno" time="0.000" /><testcase classname="tests.repositories.test_repository_pattern.TestRepositoryPattern" name="test_player_repository_find_active_players" time="0.000" /><testcase classname="tests.repositories.test_repository_pattern.TestRepositoryPattern" name="test_game_service_get_map_info" time="0.001" /><testcase classname="tests.repositories.test_repository_pattern.TestRepositoryPattern" name="test_game_service_create_new_player" time="0.000" /><testcase classname="tests.repositories.test_repository_pattern.TestRepositoryPattern" name="test_game_service_create_player_duplicate_name" time="0.000" /><testcase classname="tests.repositories.test_repository_pattern.TestRepositoryPattern" name="test_game_service_move_player_to_chunk" time="0.001" /><testcase classname="tests.repositories.test_repository_pattern.TestRepositoryPattern" name="test_game_service_get_map_statistics" time="0.001" /><testcase classname="tests.repositories.test_repository_pattern.TestRepositoryPattern" name="test_repository_interface_compliance" time="0.000" /><testcase classname="tests.services.test_integration.TestInterfaceServiceIntegration" name="test_create_player_integration" time="0.001" /><testcase classname="tests.services.test_integration.TestInterfaceServiceIntegration" name="test_create_player_duplicate_name" time="0.001" /><testcase classname="tests.services.test_integration.TestInterfaceServiceIntegration" name="test_move_player_integration" time="0.001" /><testcase classname="tests.services.test_integration.TestInterfaceServiceIntegration" name="test_get_player_statistics_integration" time="0.001" /><testcase classname="tests.services.test_integration.TestPlayerManagerIntegration" name="test_player_manager_uses_repository" time="0.001" /><testcase classname="tests.services.test_integration.TestPlayerManagerIntegration" name="test_create_player_validation" time="0.001" /><testcase classname="tests.services.test_integration.TestRepositoryValidation" name="test_player_repository_validation" time="0.000" /><testcase classname="tests.services.test_singleton.TestInterfaceServiceSingleton" name="test_singleton_instance" time="0.000" /><testcase classname="tests.services.test_singleton.TestInterfaceServiceSingleton" name="test_get_instance_method" time="0.000" /><testcase classname="tests.services.test_singleton.TestInterfaceServiceSingleton" name="test_mixed_instantiation" time="0.000" /><testcase classname="tests.services.test_singleton.TestInterfaceServiceSingleton" name="test_single_initialization" time="0.001" /><testcase classname="tests.services.test_singleton.TestInterfaceServiceSingleton" name="test_reset_instance" time="0.000" /><testcase classname="tests.services.test_singleton.TestInterfaceServiceSingleton" name="test_singleton_with_mocks" time="0.000" /><testcase classname="tests.services.test_singleton.TestInterfaceServiceSingleton" name="test_multiple_calls_same_instance" time="0.000" /><testcase classname="tests.services.test_singleton.TestInterfaceServiceIntegration" name="test_singleton_persistence_across_calls" time="0.001" /></testsuite></testsuites>